===== GANDUM REAL LIFECYCLE TEST =====
===== GANDUM REAL LIFECYCLE TEST =====
[SERVER] {"ts":"2026-09-29T12:30:41.570Z","event":"NODE_STARTED","node_id":"6b66ea9d-e5d4-432e-9686-d952a31225cc","port":8787,"websocket":"ws://0.0.0.0:8787","health":"http://127.0.0.1:8787/health"}
SERVER_HEALTH=PASS_REAL
INITIAL_PEERS=0
PEER_A_CONNECTED=PASS_REAL
[SERVER] {"ts":"2026-09-29T12:30:41.835Z","event":"PEER_CONNECTED","node_id":"6b66ea9d-e5d4-432e-9686-d952a31225cc","peer_id":"LIFECYCLE-PEER-A","peers":1}
PEER_B_CONNECTED=PASS_REAL
[SERVER] {"ts":"2026-09-29T12:30:41.854Z","event":"PEER_CONNECTED","node_id":"6b66ea9d-e5d4-432e-9686-d952a31225cc","peer_id":"LIFECYCLE-PEER-B","peers":2}
PEER_COUNT_2=PASS_REAL
CONNECTED_PEERS=2
[SERVER] {"ts":"2026-09-29T12:30:42.148Z","event":"PEER_DISCONNECTED","node_id":"6b66ea9d-e5d4-432e-9686-d952a31225cc","peer_id":"LIFECYCLE-PEER-A","peers":1}
[SERVER] {"ts":"2026-09-29T12:30:42.151Z","event":"PEER_DISCONNECTED","node_id":"6b66ea9d-e5d4-432e-9686-d952a31225cc","peer_id":"LIFECYCLE-PEER-B","peers":0}
PEER_CLOSE=PASS_REAL
PEER_COUNT_0=PASS_REAL
EVIDENCE=/data/data/com.termux/files/home/gandom/gandom-core/evidence/REAL-LIFECYCLE-1790685042637.json
RESULT=PASS_REAL
===== GANDUM REAL LIFECYCLE RESULT =====
GANDUM_REAL_LIFECYCLE=PASS_REAL
[SERVER] {"ts":"2026-09-29T12:30:42.643Z","event":"NODE_SHUTDOWN","node_id":"6b66ea9d-e5d4-432e-9686-d952a31225cc","signal":"SIGTERM"}
